// Jest Snapshot v1, https://goo.gl/fbAQLP

exports[`coco:browserslist should generate browserslist configuration 1`] = `
"# coco defaults browserslist
>0.5% in CN
last 2 versions
Firefox ESR
not ie <= 9
"
`;
