// Jest Snapshot v1, https://goo.gl/fbAQLP

exports[`coco:travis should generate travis configuration 1`] = `
"sudo: false
language: node_js
cache:
  yarn: true
node_js:
  - 10
after_success:
  - cat ./coverage/lcov.info | ./node_modules/.bin/coveralls
"
`;
